// Vitest Snapshot v1, https://vitest.dev/guide/snapshot.html

exports[`NPB DOM Parser > game schedule parsing > parses game schedule HTML correctly > game-schedule-parse 1`] = `
[
  {
    "away": "G",
    "date": "2025-08-11",
    "gameId": "2025081101",
    "home": "T",
    "time": "18:00",
    "venue": "東京ドーム",
  },
  {
    "away": "DB",
    "date": "2025-08-11",
    "gameId": "2025081102",
    "home": "C",
    "time": "18:00",
    "venue": "横浜スタジアム",
  },
  {
    "away": "H",
    "date": "2025-08-11",
    "gameId": "2025081103",
    "home": "Bs",
    "time": "18:00",
    "venue": "福岡PayPayドーム",
  },
]
`;

exports[`NPB DOM Parser > pitcher information extraction > extracts away pitcher info correctly > away-pitcher-info 1`] = `
{
  "era": 3.12,
  "hand": "L",
  "losses": undefined,
  "name": "髙橋 遥人",
  "wins": undefined,
}
`;

exports[`NPB DOM Parser > pitcher information extraction > extracts home pitcher info correctly > home-pitcher-info 1`] = `
{
  "era": 2.45,
  "hand": "R",
  "losses": undefined,
  "name": "菅野 智之",
  "wins": undefined,
}
`;

exports[`NPB DOM Parser > regression detection > detects CSS selector changes > css-selectors-structure 1`] = `
[
  {
    "count": 3,
    "selector": ".game-card",
  },
  {
    "count": 6,
    "selector": ".team-name",
  },
  {
    "count": 3,
    "selector": ".venue",
  },
  {
    "count": 3,
    "selector": ".time",
  },
  {
    "count": 0,
    "selector": ".pitcher-name",
  },
  {
    "count": 0,
    "selector": ".pitcher-hand",
  },
  {
    "count": 0,
    "selector": ".pitcher-stats",
  },
]
`;

exports[`NPB DOM Parser > regression detection > validates HTML structure consistency > html-structure-consistency 1`] = `
[
  {
    "bodyClasses": "",
    "fixture": "game_schedule_sample.html",
    "gameElements": 3,
    "majorContainers": [
      "schedule-container",
    ],
    "pitcherElements": 0,
  },
  {
    "bodyClasses": "",
    "fixture": "pitcher_detail_sample.html",
    "gameElements": 0,
    "majorContainers": [
      "preview-container",
    ],
    "pitcherElements": 9,
  },
]
`;
