// Vitest Snapshot v1, https://vitest.dev/guide/snapshot.html

exports[`Schedule Policy > day planning > creates default plan for no-game days > no-games-day-plan 1`] = `
{
  "confidence": "low",
  "date": "2025-08-11",
  "gameCount": 0,
  "hasGames": false,
  "live": {
    "description": "Daytime monitoring",
    "end": "22:30",
    "everyMin": 120,
    "start": "11:30",
  },
  "planGeneratedAt": "2025-08-11T08:26:31.223Z",
  "post": {
    "description": "Evening cleanup",
    "end": "23:59",
    "everyMin": 120,
    "start": "22:30",
  },
  "pre": {
    "description": "Morning data refresh",
    "end": "11:30",
    "everyMin": 120,
    "start": "07:00",
  },
}
`;

exports[`Schedule Policy > day planning > creates game day plan with variable frequencies > game-day-plan 1`] = `
{
  "confidence": "low",
  "date": "2025-08-11",
  "earliestStart": "18:00",
  "expectedEnd": "21:30",
  "gameCount": 2,
  "hasGames": true,
  "latestStart": "18:00",
  "live": {
    "description": "Live game monitoring (2 games)",
    "end": "21:30",
    "everyMin": 30,
    "start": "18:00",
  },
  "planGeneratedAt": "2025-08-11T08:26:31.241Z",
  "post": {
    "description": "Post-game details and cleanup",
    "end": "23:59",
    "everyMin": 30,
    "start": "21:30",
  },
  "pre": {
    "description": "Pre-game updates (2 games)",
    "end": "18:00",
    "everyMin": 60,
    "start": "08:30",
  },
}
`;
